'[Custom Config File]: Load alternate.yaml':
  1: |
    config:
      benchmark: false
      conditions:
      - default: east
        filter:
        - west
        - south
        - north
        key: alternate.region
        key_types:
        - string
        name: alternate
        required: false
      custom_identifier_template: inventory.render.templates.identifier
      debug: false
      file_config_key: metadata.helmize
      file_extensions:
      - .yaml
      - .yml
      - .tpl
      force: false
      global: {}
      helmize: {}
      helmize_file: ""
      inventory_directory: other/
      library:
        global: {}
      render_template: inventory.entrypoint.templates.render
      show_config: false
      summary: false
'[Custom Config File]: Load alternate.yaml (Values Injected)':
  1: |
    config:
      benchmark: false
      conditions:
      - name: catalog
        required: false
      - default: east
        filter:
        - west
        - south
        - north
        key: alternate.region
        key_types:
        - string
        name: alternate
        required: false
      - filter:
        - __inject__
        - test
        - test-q
        - prod
        name: environment
        required: true
      custom_identifier_template: inventory.render.templates.identifier
      debug: false
      file_config_key: metadata.helmize
      file_excludes:
      - __inject__
      - .*
      file_extensions:
      - __inject__
      - tpl
      force: false
      global: {}
      helmize: {}
      helmize_file: ""
      inventory_directory: other/
      library:
        global: {}
      render_template: inventory.entrypoint.templates.render
      show_config: false
      summary: false
'[Default Config File]: Config snapshot':
  1: |
    config:
      benchmark: false
      conditions:
      - data:
          static:
            condition: data
        default: default
        file_cfg:
          render: false
        filter:
        - dev
        key: cluster.environment
        key_types:
        - string
        name: environment
        required: false
        tpls:
        - ingress.tpl
      - filter:
        - us
        - eu
        - as
        key: cluster.location
        key_types:
        - string
        name: location
        required: true
      - default: east
        filter:
        - west
        - south
        - north
        key: cluster.region
        key_types:
        - string
        name: region
        required: false
      custom_identifier_template: inventory.render.templates.identifier
      debug: false
      file_config_key: metadata.helmize
      file_excludes:
      - kustomization
      - '*tmp'
      file_extensions:
      - yaml
      - yml
      force: false
      global: {}
      helmize: {}
      helmize_file: ""
      inventory_directory: structure/
      library:
        global: {}
      render_template: inventory.entrypoint.templates.render
      show_config: false
      summary: false
'[Default Config File]: Config snapshot (Values Injected)':
  1: |
    config:
      benchmark: false
      conditions:
      - data:
          static:
            condition: data
        default: default
        file_cfg:
          render: false
        filter:
        - dev
        - test
        - test-q
        - prod
        key: cluster.environment
        key_types:
        - string
        name: environment
        required: true
        tpls:
        - ingress.tpl
      - name: catalog
        required: false
      - filter:
        - us
        - eu
        - as
        key: cluster.location
        key_types:
        - string
        name: location
        required: true
      - default: east
        filter:
        - west
        - south
        - north
        key: cluster.region
        key_types:
        - string
        name: region
        required: false
      custom_identifier_template: inventory.render.templates.identifier
      debug: false
      file_config_key: metadata.helmize
      file_excludes:
      - kustomization
      - '*tmp'
      - .*
      file_extensions:
      - yaml
      - yml
      - tpl
      force: false
      global: {}
      helmize: {}
      helmize_file: ""
      inventory_directory: structure/
      library:
        global: {}
      render_template: inventory.entrypoint.templates.render
      show_config: false
      summary: false
